00:00 +0: loading C:/Users/ACER/Internship-Test-Assignment-Realtime-Team-Mini-Game-Flutter-Firebase-RTDB-/test/bfs_solver_test.dart
00:00 +0: C:/Users/ACER/Internship-Test-Assignment-Realtime-Team-Mini-Game-Flutter-Firebase-RTDB-/test/bfs_solver_test.dart: BfsSolver returns 0 when start == target
00:00 +1: C:/Users/ACER/Internship-Test-Assignment-Realtime-Team-Mini-Game-Flutter-Firebase-RTDB-/test/bfs_solver_test.dart: BfsSolver returns optimal path for basic scenario
00:00 +2: C:/Users/ACER/Internship-Test-Assignment-Realtime-Team-Mini-Game-Flutter-Firebase-RTDB-/test/bfs_solver_test.dart: BfsSolver FAST FAIL: returns -1 for mathematically unreachable states (Even Start -> Odd Target)
00:00 +3: C:/Users/ACER/Internship-Test-Assignment-Realtime-Team-Mini-Game-Flutter-Firebase-RTDB-/test/bfs_solver_test.dart: BfsSolver FAST FAIL: returns -1 if start > target
00:00 +4: C:/Users/ACER/Internship-Test-Assignment-Realtime-Team-Mini-Game-Flutter-Firebase-RTDB-/test/bfs_solver_test.dart: BfsSolver getOptimalMoves async works correctly
00:00 +5 -1: loading C:/Users/ACER/Internship-Test-Assignment-Realtime-Team-Mini-Game-Flutter-Firebase-RTDB-/test/widget_test.dart [E]
  Failed to load "C:/Users/ACER/Internship-Test-Assignment-Realtime-Team-Mini-Game-Flutter-Firebase-RTDB-/test/widget_test.dart":
  Compilation failed for testPath=C:/Users/ACER/Internship-Test-Assignment-Realtime-Team-Mini-Game-Flutter-Firebase-RTDB-/test/widget_test.dart: test/widget_test.dart:16:35: Error: Couldn't find constructor 'MyApp'.
      await tester.pumpWidget(const MyApp());
                                    ^^^^^
  .
00:00 +5 -1: Some tests failed.
